<html>
<body>
<pre>
<h1>µVision Build Log</h1>
<h2>Project:</h2>
N:\SE350\SE350-master\manual_code\Context_Switching\context_switching.uvproj
Project File Date:  01/05/2015

<h2>Output:</h2>
Build target 'Context Switching SIM'
compiling k_process.c...
compiling usr_proc.c...
linking...
Program Size: Code=3452 RO-data=236 RW-data=28 ZI-data=748  
"context_switching.axf" - 0 Error(s), 0 Warning(s).
Load "N:\\SE350\\SE350-master\\manual_code\\Context_Switching\\context_switching.AXF" 
Erase Done.
Programming Done.
Verify OK.
Build target 'Context Switching SIM'
compiling usr_proc.c...
linking...
Program Size: Code=3452 RO-data=236 RW-data=28 ZI-data=748  
"context_switching.axf" - 0 Error(s), 0 Warning(s).
Load "N:\\SE350\\SE350-master\\manual_code\\Context_Switching\\context_switching.AXF" 
Erase Done.
Programming Done.
Verify OK.
Build target 'Context Switching SIM'
compiling k_process.c...
compiling usr_proc.c...
linking...
Program Size: Code=3476 RO-data=236 RW-data=28 ZI-data=748  
"context_switching.axf" - 0 Error(s), 0 Warning(s).
Load "N:\\SE350\\SE350-master\\manual_code\\Context_Switching\\context_switching.AXF" 
Erase Done.
Programming Done.
Verify OK.
Build target 'Context Switching SIM'
compiling k_process.c...
src\k_process.c(46): error:  #247: function "blah" has already been defined
Target not created
Build target 'Context Switching SIM'
compiling k_process.c...
linking...
Program Size: Code=3516 RO-data=236 RW-data=28 ZI-data=748  
"context_switching.axf" - 0 Error(s), 0 Warning(s).
Load "N:\\SE350\\SE350-master\\manual_code\\Context_Switching\\context_switching.AXF" 
Erase Done.
Programming Done.
Verify OK.
Build target 'Context Switching SIM'
compiling k_process.c...
linking...
Program Size: Code=3516 RO-data=236 RW-data=28 ZI-data=748  
"context_switching.axf" - 0 Error(s), 0 Warning(s).
Load "N:\\SE350\\SE350-master\\manual_code\\Context_Switching\\context_switching.AXF" 
Erase Done.
Programming Done.
Verify OK.
Build target 'Context Switching SIM'
compiling k_process.c...
linking...
Program Size: Code=3512 RO-data=236 RW-data=28 ZI-data=748  
"context_switching.axf" - 0 Error(s), 0 Warning(s).
Load "N:\\SE350\\SE350-master\\manual_code\\Context_Switching\\context_switching.AXF" 
Erase Done.
Programming Done.
Verify OK.
Build target 'Context Switching SIM'
compiling k_process.c...
linking...
Program Size: Code=3492 RO-data=236 RW-data=28 ZI-data=748  
"context_switching.axf" - 0 Error(s), 0 Warning(s).
Load "N:\\SE350\\SE350-master\\manual_code\\Context_Switching\\context_switching.AXF" 
Erase Done.
Programming Done.
Verify OK.
Build target 'Context Switching SIM'
compiling k_process.c...
linking...
Program Size: Code=3528 RO-data=236 RW-data=28 ZI-data=748  
"context_switching.axf" - 0 Error(s), 0 Warning(s).
Load "N:\\SE350\\SE350-master\\manual_code\\Context_Switching\\context_switching.AXF" 
Erase Done.
Programming Done.
Verify OK.
Build target 'Context Switching SIM'
compiling k_process.c...
linking...
Program Size: Code=3528 RO-data=236 RW-data=28 ZI-data=748  
"context_switching.axf" - 0 Error(s), 0 Warning(s).
Load "N:\\SE350\\SE350-master\\manual_code\\Context_Switching\\context_switching.AXF" 
Erase Done.
Programming Done.
Verify OK.
Build target 'Context Switching SIM'
compiling k_process.c...
src\k_process.c(119): warning:  #140-D: too many arguments in function call
src\k_process.c(120): error:  #268: declaration may not appear after executable statement in block
Target not created
Load "N:\\SE350\\SE350-master\\manual_code\\Context_Switching\\context_switching.AXF" 
_____^
*** error 56: cannot open file
Build target 'Context Switching SIM'
compiling k_process.c...
src\k_process.c(120): warning:  #140-D: too many arguments in function call
linking...
Program Size: Code=3544 RO-data=236 RW-data=28 ZI-data=748  
"context_switching.axf" - 0 Error(s), 1 Warning(s).
Load "N:\\SE350\\SE350-master\\manual_code\\Context_Switching\\context_switching.AXF" 
Erase Done.
Programming Done.
Verify OK.
Build target 'Context Switching SIM'
compiling k_process.c...
src\k_process.c(120): warning:  #140-D: too many arguments in function call
linking...
Program Size: Code=3556 RO-data=236 RW-data=28 ZI-data=748  
"context_switching.axf" - 0 Error(s), 1 Warning(s).
Build target 'Context Switching SIM'
compiling k_process.c...
linking...
Program Size: Code=3556 RO-data=236 RW-data=28 ZI-data=748  
"context_switching.axf" - 0 Error(s), 0 Warning(s).
Build target 'Context Switching SIM'
linking...
Program Size: Code=3556 RO-data=236 RW-data=28 ZI-data=748  
"context_switching.axf" - 0 Error(s), 0 Warning(s).
Load "N:\\SE350\\SE350-master\\manual_code\\Context_Switching\\context_switching.AXF" 
Erase Done.
Programming Done.
Verify OK.
Build target 'Context Switching SIM'
compiling k_process.c...
linking...
Program Size: Code=3564 RO-data=236 RW-data=28 ZI-data=748  
"context_switching.axf" - 0 Error(s), 0 Warning(s).
Build target 'Context Switching SIM'
linking...
Program Size: Code=3564 RO-data=236 RW-data=28 ZI-data=748  
"context_switching.axf" - 0 Error(s), 0 Warning(s).
Load "N:\\SE350\\SE350-master\\manual_code\\Context_Switching\\context_switching.AXF" 
Erase Done.
Programming Done.
Verify OK.
Build target 'Context Switching SIM'
compiling k_process.c...
linking...
Program Size: Code=3588 RO-data=236 RW-data=28 ZI-data=748  
"context_switching.axf" - 0 Error(s), 0 Warning(s).
Load "N:\\SE350\\SE350-master\\manual_code\\Context_Switching\\context_switching.AXF" 
Erase Done.
Programming Done.
Verify OK.
Build target 'Context Switching SIM'
compiling k_process.c...
src\k_process.c(138): warning:  #174-D: expression has no effect
src\k_process.c(140): error:  #65: expected a ";"
src\k_process.c(154): warning:  #12-D: parsing restarts here after previous syntax error
src\k_process.c(155): warning:  #940-D: missing return statement at end of non-void function "process_switch"
Target not created
Build target 'Context Switching SIM'
compiling k_process.c...
linking...
Program Size: Code=3588 RO-data=236 RW-data=28 ZI-data=748  
"context_switching.axf" - 0 Error(s), 0 Warning(s).
Build target 'Context Switching SIM'
compiling k_process.c...
linking...
Program Size: Code=3592 RO-data=236 RW-data=28 ZI-data=748  
"context_switching.axf" - 0 Error(s), 0 Warning(s).
Load "N:\\SE350\\SE350-master\\manual_code\\Context_Switching\\context_switching.AXF" 
Erase Done.
Programming Done.
Verify OK.
Build target 'Context Switching SIM'
compiling k_process.c...
linking...
Program Size: Code=3592 RO-data=236 RW-data=28 ZI-data=748  
"context_switching.axf" - 0 Error(s), 0 Warning(s).
Load "N:\\SE350\\SE350-master\\manual_code\\Context_Switching\\context_switching.AXF" 
Erase Done.
Programming Done.
Verify OK.
Build target 'Context Switching SIM'
compiling k_process.c...
linking...
Program Size: Code=3600 RO-data=236 RW-data=28 ZI-data=748  
"context_switching.axf" - 0 Error(s), 0 Warning(s).
Load "N:\\SE350\\SE350-master\\manual_code\\Context_Switching\\context_switching.AXF" 
Erase Done.
Programming Done.
Verify OK.
Build target 'Context Switching SIM'
compiling k_memory.c...
src\k_memory.c(145): error:  #167: argument of type "U32 *" is incompatible with parameter of type "U32"
compiling k_process.c...
Target not created
Build target 'Context Switching SIM'
compiling k_memory.c...
linking...
Program Size: Code=3616 RO-data=236 RW-data=28 ZI-data=748  
"context_switching.axf" - 0 Error(s), 0 Warning(s).
Build target 'Context Switching SIM'
linking...
Program Size: Code=3616 RO-data=236 RW-data=28 ZI-data=748  
"context_switching.axf" - 0 Error(s), 0 Warning(s).
Load "N:\\SE350\\SE350-master\\manual_code\\Context_Switching\\context_switching.AXF" 
Erase Done.
Programming Done.
Verify OK.
Build target 'Context Switching SIM'
compiling k_memory.c...
linking...
Program Size: Code=3628 RO-data=236 RW-data=28 ZI-data=748  
"context_switching.axf" - 0 Error(s), 0 Warning(s).
Load "N:\\SE350\\SE350-master\\manual_code\\Context_Switching\\context_switching.AXF" 
Erase Done.
Programming Done.
Verify OK.
Build target 'Context Switching SIM'
compiling k_memory.c...
src\k_memory.c(118): warning:  #9-D: nested comment is not allowed
linking...
Program Size: Code=3656 RO-data=236 RW-data=28 ZI-data=748  
"context_switching.axf" - 0 Error(s), 1 Warning(s).
Build target 'Context Switching SIM'
compiling k_memory.c...
linking...
Program Size: Code=3656 RO-data=236 RW-data=28 ZI-data=748  
"context_switching.axf" - 0 Error(s), 0 Warning(s).
Load "N:\\SE350\\SE350-master\\manual_code\\Context_Switching\\context_switching.AXF" 
Erase Done.
Programming Done.
Verify OK.
Build target 'Context Switching SIM'
compiling k_memory.c...
linking...
Program Size: Code=3656 RO-data=236 RW-data=28 ZI-data=748  
"context_switching.axf" - 0 Error(s), 0 Warning(s).
Build target 'Context Switching SIM'
linking...
Program Size: Code=3656 RO-data=236 RW-data=28 ZI-data=748  
"context_switching.axf" - 0 Error(s), 0 Warning(s).
Load "N:\\SE350\\SE350-master\\manual_code\\Context_Switching\\context_switching.AXF" 
Erase Done.
Programming Done.
Verify OK.
Build target 'Context Switching SIM'
compiling k_memory.c...
linking...
Program Size: Code=3628 RO-data=236 RW-data=28 ZI-data=748  
"context_switching.axf" - 0 Error(s), 0 Warning(s).
Load "N:\\SE350\\SE350-master\\manual_code\\Context_Switching\\context_switching.AXF" 
Erase Done.
Programming Done.
Verify OK.
Build target 'Context Switching SIM'
compiling k_memory.c...
linking...
Program Size: Code=3640 RO-data=236 RW-data=28 ZI-data=748  
"context_switching.axf" - 0 Error(s), 0 Warning(s).
Load "N:\\SE350\\SE350-master\\manual_code\\Context_Switching\\context_switching.AXF" 
Erase Done.
Programming Done.
Verify OK.
Build target 'Context Switching SIM'
compiling k_memory.c...
linking...
Program Size: Code=3636 RO-data=236 RW-data=28 ZI-data=748  
"context_switching.axf" - 0 Error(s), 0 Warning(s).
Load "N:\\SE350\\SE350-master\\manual_code\\Context_Switching\\context_switching.AXF" 
Erase Done.
Programming Done.
Verify OK.
Build target 'Context Switching SIM'
compiling k_memory.c...
linking...
Program Size: Code=3644 RO-data=236 RW-data=28 ZI-data=748  
"context_switching.axf" - 0 Error(s), 0 Warning(s).
Load "N:\\SE350\\SE350-master\\manual_code\\Context_Switching\\context_switching.AXF" 
Erase Done.
Programming Done.
Verify OK.
Build target 'Context Switching SIM'
compiling k_memory.c...
linking...
Program Size: Code=3656 RO-data=236 RW-data=28 ZI-data=748  
"context_switching.axf" - 0 Error(s), 0 Warning(s).
Load "N:\\SE350\\SE350-master\\manual_code\\Context_Switching\\context_switching.AXF" 
Erase Done.
Programming Done.
Verify OK.
Build target 'Context Switching SIM'
compiling k_memory.c...
linking...
Program Size: Code=3644 RO-data=236 RW-data=28 ZI-data=748  
"context_switching.axf" - 0 Error(s), 0 Warning(s).
Build target 'Context Switching SIM'
linking...
Program Size: Code=3644 RO-data=236 RW-data=28 ZI-data=748  
"context_switching.axf" - 0 Error(s), 0 Warning(s).
Load "N:\\SE350\\SE350-master\\manual_code\\Context_Switching\\context_switching.AXF" 
Erase Done.
Programming Done.
Verify OK.
Build target 'Context Switching SIM'
compiling k_memory.c...
linking...
Program Size: Code=3632 RO-data=236 RW-data=28 ZI-data=748  
"context_switching.axf" - 0 Error(s), 0 Warning(s).
Build target 'Context Switching SIM'
compiling k_process.c...
linking...
Program Size: Code=3628 RO-data=236 RW-data=28 ZI-data=748  
"context_switching.axf" - 0 Error(s), 0 Warning(s).
Load "N:\\SE350\\SE350-master\\manual_code\\Context_Switching\\context_switching.AXF" 
Erase Done.
Programming Done.
Verify OK.
Build target 'Context Switching SIM'
compiling k_process.c...
linking...
Program Size: Code=3632 RO-data=236 RW-data=28 ZI-data=748  
"context_switching.axf" - 0 Error(s), 0 Warning(s).
Load "N:\\SE350\\SE350-master\\manual_code\\Context_Switching\\context_switching.AXF" 
Erase Done.
Programming Done.
Verify OK.
Build target 'Context Switching SIM'
compiling k_process.c...
linking...
Program Size: Code=3640 RO-data=236 RW-data=28 ZI-data=748  
"context_switching.axf" - 0 Error(s), 0 Warning(s).
Load "N:\\SE350\\SE350-master\\manual_code\\Context_Switching\\context_switching.AXF" 
Erase Done.
Programming Done.
Verify OK.
Build target 'Context Switching SIM'
linking...
Program Size: Code=3640 RO-data=236 RW-data=28 ZI-data=748  
"context_switching.axf" - 0 Error(s), 0 Warning(s).
Load "N:\\SE350\\SE350-master\\manual_code\\Context_Switching\\context_switching.AXF" 
Erase Done.
Programming Done.
Verify OK.
Build target 'Context Switching SIM'
compiling k_process.c...
linking...
Program Size: Code=3640 RO-data=236 RW-data=28 ZI-data=748  
"context_switching.axf" - 0 Error(s), 0 Warning(s).
Load "N:\\SE350\\SE350-master\\manual_code\\Context_Switching\\context_switching.AXF" 
Erase Done.
Programming Done.
Verify OK.
Build target 'Context Switching SIM'
compiling k_process.c...
linking...
Program Size: Code=3648 RO-data=236 RW-data=28 ZI-data=748  
"context_switching.axf" - 0 Error(s), 0 Warning(s).
Load "N:\\SE350\\SE350-master\\manual_code\\Context_Switching\\context_switching.AXF" 
Erase Done.
Programming Done.
Verify OK.
Build target 'Context Switching SIM'
compiling k_process.c...
linking...
Program Size: Code=3648 RO-data=236 RW-data=28 ZI-data=748  
"context_switching.axf" - 0 Error(s), 0 Warning(s).
Load "N:\\SE350\\SE350-master\\manual_code\\Context_Switching\\context_switching.AXF" 
Erase Done.
Programming Done.
Verify OK.
Build target 'Context Switching SIM'
compiling k_process.c...
src\k_process.c(120): error:  #268: declaration may not appear after executable statement in block
src\k_process.c(121): warning:  #111-D: statement is unreachable
Target not created
Build target 'Context Switching SIM'
compiling k_process.c...
src\k_process.c(123): warning:  #111-D: statement is unreachable
linking...
Program Size: Code=3492 RO-data=236 RW-data=28 ZI-data=748  
"context_switching.axf" - 0 Error(s), 1 Warning(s).
Load "N:\\SE350\\SE350-master\\manual_code\\Context_Switching\\context_switching.AXF" 
Erase Done.
Programming Done.
Verify OK.
Build target 'Context Switching SIM'
compiling k_process.c...
src\k_process.c(125): warning:  #111-D: statement is unreachable
linking...
Program Size: Code=3496 RO-data=236 RW-data=28 ZI-data=748  
"context_switching.axf" - 0 Error(s), 1 Warning(s).
Load "N:\\SE350\\SE350-master\\manual_code\\Context_Switching\\context_switching.AXF" 
Erase Done.
Programming Done.
Verify OK.
Build target 'Context Switching SIM'
compiling k_process.c...
src\k_process.c(141): warning:  #111-D: statement is unreachable
linking...
Program Size: Code=3568 RO-data=236 RW-data=28 ZI-data=748  
"context_switching.axf" - 0 Error(s), 1 Warning(s).
Load "N:\\SE350\\SE350-master\\manual_code\\Context_Switching\\context_switching.AXF" 
Erase Done.
Programming Done.
Verify OK.
Build target 'Context Switching SIM'
compiling k_process.c...
src\k_process.c(132): warning:  #111-D: statement is unreachable
linking...
Program Size: Code=3612 RO-data=236 RW-data=28 ZI-data=748  
"context_switching.axf" - 0 Error(s), 1 Warning(s).
Load "N:\\SE350\\SE350-master\\manual_code\\Context_Switching\\context_switching.AXF" 
Erase Done.
Programming Done.
Verify OK.
Build target 'Context Switching SIM'
compiling k_process.c...
linking...
Program Size: Code=3652 RO-data=236 RW-data=28 ZI-data=748  
"context_switching.axf" - 0 Error(s), 0 Warning(s).
Load "N:\\SE350\\SE350-master\\manual_code\\Context_Switching\\context_switching.AXF" 
Erase Done.
Programming Done.
Verify OK.
Build target 'Context Switching SIM'
compiling usr_proc.c...
src\usr_proc.c(88): warning:  #223-D: function "blah" declared implicitly
linking...
Program Size: Code=3656 RO-data=236 RW-data=28 ZI-data=748  
"context_switching.axf" - 0 Error(s), 1 Warning(s).
Build target 'Context Switching SIM'
linking...
Program Size: Code=3656 RO-data=236 RW-data=28 ZI-data=748  
"context_switching.axf" - 0 Error(s), 0 Warning(s).
Load "N:\\SE350\\SE350-master\\manual_code\\Context_Switching\\context_switching.AXF" 
Erase Done.
Programming Done.
Verify OK.
Build target 'Context Switching SIM'
compiling usr_proc.c...
src\usr_proc.c(88): warning:  #223-D: function "blah" declared implicitly
linking...
Program Size: Code=3660 RO-data=236 RW-data=28 ZI-data=748  
"context_switching.axf" - 0 Error(s), 1 Warning(s).
Load "N:\\SE350\\SE350-master\\manual_code\\Context_Switching\\context_switching.AXF" 
Erase Done.
Programming Done.
Verify OK.
Rebuild target 'Context Switching SIM'
assembling startup_LPC17xx.s...
compiling system_LPC17xx.c...
compiling uart_polling.c...
compiling printf.c...
compiling main_svc.c...
compiling HAL.c...
compiling k_rtx_init.c...
src\k_rtx_init.c(19): warning:  #223-D: function "blah" declared implicitly
compiling k_memory.c...
compiling k_process.c...
compiling usr_proc.c...
linking...
Program Size: Code=3656 RO-data=236 RW-data=28 ZI-data=748  
"context_switching.axf" - 0 Error(s), 1 Warning(s).
Load "N:\\SE350\\SE350-master\\manual_code\\Context_Switching\\context_switching.AXF" 
Erase Done.
Programming Done.
Verify OK.
Build target 'Context Switching SIM'
compiling k_process.c...
compiling usr_proc.c...
linking...
Program Size: Code=3656 RO-data=236 RW-data=28 ZI-data=748  
"context_switching.axf" - 0 Error(s), 0 Warning(s).
Load "N:\\SE350\\SE350-master\\manual_code\\Context_Switching\\context_switching.AXF" 
Erase Done.
Programming Done.
Verify OK.
Build target 'Context Switching SIM'
compiling k_process.c...
linking...
Program Size: Code=3664 RO-data=236 RW-data=28 ZI-data=748  
"context_switching.axf" - 0 Error(s), 0 Warning(s).
Load "N:\\SE350\\SE350-master\\manual_code\\Context_Switching\\context_switching.AXF" 
Erase Done.
Programming Done.
Verify OK.
Build target 'Context Switching SIM'
compiling k_process.c...
linking...
Program Size: Code=3664 RO-data=236 RW-data=28 ZI-data=748  
"context_switching.axf" - 0 Error(s), 0 Warning(s).
Load "N:\\SE350\\SE350-master\\manual_code\\Context_Switching\\context_switching.AXF" 
Erase Done.
Programming Done.
Verify OK.
Build target 'Context Switching SIM'
compiling k_process.c...
linking...
Program Size: Code=3672 RO-data=236 RW-data=28 ZI-data=748  
"context_switching.axf" - 0 Error(s), 0 Warning(s).
Load "N:\\SE350\\SE350-master\\manual_code\\Context_Switching\\context_switching.AXF" 
Erase Done.
Programming Done.
Verify OK.
Build target 'Context Switching SIM'
compiling k_process.c...
src\k_process.c(56): error:  #20: identifier "string" is undefined
compiling usr_proc.c...
src\usr_proc.c(84): warning:  #223-D: function "blah1" declared implicitly
Target not created
Build target 'Context Switching SIM'
compiling k_process.c...
src\k_process.c(56): error:  #20: identifier "String" is undefined
Target not created
Build target 'Context Switching SIM'
compiling k_process.c...
src\k_process.c(46): error:  #18: expected a ")"
src\k_process.c(46): error:  #141-D: unnamed prototyped parameters not allowed when body is present
src\k_process.c(48): error:  #20: identifier "i" is undefined
src\k_process.c(54): error:  #20: identifier "String" is undefined
src\k_process.c(102): error:  #167: argument of type "int" is incompatible with parameter of type "char *"
src\k_process.c(108): error:  #167: argument of type "int" is incompatible with parameter of type "char *"
src\k_process.c(111): error:  #167: argument of type "int" is incompatible with parameter of type "char *"
src\k_process.c(129): error:  #167: argument of type "int" is incompatible with parameter of type "char *"
src\k_process.c(134): error:  #167: argument of type "int" is incompatible with parameter of type "char *"
src\k_process.c(140): error:  #167: argument of type "int" is incompatible with parameter of type "char *"
src\k_process.c(142): error:  #167: argument of type "int" is incompatible with parameter of type "char *"
src\k_process.c(144): error:  #167: argument of type "int" is incompatible with parameter of type "char *"
src\k_process.c(150): error:  #167: argument of type "int" is incompatible with parameter of type "char *"
src\k_process.c(152): error:  #167: argument of type "int" is incompatible with parameter of type "char *"
src\k_process.c(158): error:  #167: argument of type "int" is incompatible with parameter of type "char *"
src\k_process.c(163): error:  #167: argument of type "int" is incompatible with parameter of type "char *"
src\k_process.c(175): error:  #167: argument of type "int" is incompatible with parameter of type "char *"
src\k_process.c(178): error:  #167: argument of type "int" is incompatible with parameter of type "char *"
src\k_process.c(181): error:  #167: argument of type "int" is incompatible with parameter of type "char *"
src\k_process.c(186): error:  #167: argument of type "int" is incompatible with parameter of type "char *"
src\k_process.c(190): error:  #167: argument of type "int" is incompatible with parameter of type "char *"
src\k_process.c(192): error:  #167: argument of type "char" is incompatible with parameter of type "char *"
Target not created
Build target 'Context Switching SIM'
compiling k_process.c...
compiling usr_proc.c...
src\usr_proc.c(84): warning:  #223-D: function "blah1" declared implicitly
linking...
Program Size: Code=3680 RO-data=236 RW-data=28 ZI-data=748  
"context_switching.axf" - 0 Error(s), 1 Warning(s).
Load "N:\\SE350\\SE350-master\\manual_code\\Context_Switching\\context_switching.AXF" 
Erase Done.
Programming Done.
Verify OK.
Build target 'Context Switching SIM'
compiling usr_proc.c...
linking...
Program Size: Code=3664 RO-data=236 RW-data=28 ZI-data=748  
"context_switching.axf" - 0 Error(s), 0 Warning(s).
Load "N:\\SE350\\SE350-master\\manual_code\\Context_Switching\\context_switching.AXF" 
Erase Done.
Programming Done.
Verify OK.
Build target 'Context Switching SIM'
compiling usr_proc.c...
linking...
Program Size: Code=3588 RO-data=236 RW-data=28 ZI-data=748  
"context_switching.axf" - 0 Error(s), 0 Warning(s).
Load "N:\\SE350\\SE350-master\\manual_code\\Context_Switching\\context_switching.AXF" 
Erase Done.
Programming Done.
Verify OK.
Build target 'Context Switching SIM'
compiling usr_proc.c...
linking...
Program Size: Code=3600 RO-data=236 RW-data=28 ZI-data=748  
"context_switching.axf" - 0 Error(s), 0 Warning(s).
Load "N:\\SE350\\SE350-master\\manual_code\\Context_Switching\\context_switching.AXF" 
Erase Done.
Programming Done.
Verify OK.
Build target 'Context Switching SIM'
compiling usr_proc.c...
linking...
Program Size: Code=3620 RO-data=236 RW-data=28 ZI-data=748  
"context_switching.axf" - 0 Error(s), 0 Warning(s).
Load "N:\\SE350\\SE350-master\\manual_code\\Context_Switching\\context_switching.AXF" 
Erase Done.
Programming Done.
Verify OK.
Build target 'Context Switching SIM'
compiling usr_proc.c...
linking...
Program Size: Code=3620 RO-data=236 RW-data=28 ZI-data=748  
"context_switching.axf" - 0 Error(s), 0 Warning(s).
Load "N:\\SE350\\SE350-master\\manual_code\\Context_Switching\\context_switching.AXF" 
Erase Done.
Programming Done.
Verify OK.
Build target 'Context Switching SIM'
compiling usr_proc.c...
linking...
Program Size: Code=3684 RO-data=236 RW-data=28 ZI-data=748  
"context_switching.axf" - 0 Error(s), 0 Warning(s).
Load "N:\\SE350\\SE350-master\\manual_code\\Context_Switching\\context_switching.AXF" 
Erase Done.
Programming Done.
Verify OK.
Build target 'Context Switching SIM'
compiling usr_proc.c...
linking...
Program Size: Code=3676 RO-data=236 RW-data=28 ZI-data=748  
"context_switching.axf" - 0 Error(s), 0 Warning(s).
Load "N:\\SE350\\SE350-master\\manual_code\\Context_Switching\\context_switching.AXF" 
Erase Done.
Programming Done.
Verify OK.
