<html>
<body>
<pre>
<h1>µVision Build Log</h1>
<h2>Project:</h2>
N:\SE350\SE350-master\manual_code\Context_Switching\context_switching.uvproj
Project File Date:  01/05/2015

<h2>Output:</h2>
Build target 'Context Switching SIM'
compiling main_svc.c...
compiling k_rtx_init.c...
compiling k_memory.c...
compiling k_process.c...
compiling usr_proc.c...
src\usr_proc.c(61): error:  #20: identifier "ret_val" is undefined
src\usr_proc.c(102): warning:  #223-D: function "getMSP" declared implicitly
Target not created
Build target 'Context Switching SIM'
compiling usr_proc.c...
src\usr_proc.c(61): error:  #20: identifier "ret_val" is undefined
src\usr_proc.c(102): warning:  #223-D: function "getMSP" declared implicitly
Target not created
Build target 'Context Switching SIM'
compiling usr_proc.c...
src\usr_proc.c(102): warning:  #223-D: function "getMSP" declared implicitly
linking...
Program Size: Code=4232 RO-data=236 RW-data=36 ZI-data=1012  
"context_switching.axf" - 0 Error(s), 1 Warning(s).
Load "N:\\SE350\\SE350-master\\manual_code\\Context_Switching\\context_switching.AXF" 
Erase Done.
Programming Done.
Verify OK.
Rebuild target 'Context Switching SIM'
assembling startup_LPC17xx.s...
compiling system_LPC17xx.c...
compiling uart_polling.c...
compiling printf.c...
compiling main_svc.c...
compiling HAL.c...
compiling k_rtx_init.c...
compiling k_memory.c...
compiling k_process.c...
compiling usr_proc.c...
src\usr_proc.c(102): warning:  #223-D: function "getMSP" declared implicitly
linking...
Program Size: Code=4232 RO-data=236 RW-data=36 ZI-data=1012  
"context_switching.axf" - 0 Error(s), 1 Warning(s).
Load "N:\\SE350\\SE350-master\\manual_code\\Context_Switching\\context_switching.AXF" 
Erase Done.
Programming Done.
Verify OK.
Build target 'Context Switching SIM'
compiling usr_proc.c...
src\usr_proc.c(102): warning:  #223-D: function "getMSP" declared implicitly
linking...
Program Size: Code=4308 RO-data=236 RW-data=36 ZI-data=1012  
"context_switching.axf" - 0 Error(s), 1 Warning(s).
Load "N:\\SE350\\SE350-master\\manual_code\\Context_Switching\\context_switching.AXF" 
Erase Done.
Programming Done.
Verify OK.
Build target 'Context Switching SIM'
compiling usr_proc.c...
src\usr_proc.c(102): warning:  #223-D: function "getMSP" declared implicitly
linking...
Program Size: Code=4320 RO-data=236 RW-data=36 ZI-data=1012  
"context_switching.axf" - 0 Error(s), 1 Warning(s).
Load "N:\\SE350\\SE350-master\\manual_code\\Context_Switching\\context_switching.AXF" 
Erase Done.
Programming Done.
Verify OK.
Build target 'Context Switching SIM'
compiling usr_proc.c...
src\usr_proc.c(102): warning:  #223-D: function "getMSP" declared implicitly
linking...
Program Size: Code=4320 RO-data=236 RW-data=36 ZI-data=1012  
"context_switching.axf" - 0 Error(s), 1 Warning(s).
Load "N:\\SE350\\SE350-master\\manual_code\\Context_Switching\\context_switching.AXF" 
Erase Done.
Programming Done.
Verify OK.
Build target 'Context Switching SIM'
compiling k_memory.c...
compiling usr_proc.c...
src\usr_proc.c(102): warning:  #223-D: function "getMSP" declared implicitly
linking...
Program Size: Code=4204 RO-data=236 RW-data=36 ZI-data=1012  
"context_switching.axf" - 0 Error(s), 1 Warning(s).
Load "N:\\SE350\\SE350-master\\manual_code\\Context_Switching\\context_switching.AXF" 
Erase Done.
Programming Done.
Verify OK.
Build target 'Context Switching SIM'
compiling usr_proc.c...
src\usr_proc.c(105): warning:  #223-D: function "getMSP" declared implicitly
linking...
Program Size: Code=4220 RO-data=236 RW-data=36 ZI-data=1012  
"context_switching.axf" - 0 Error(s), 1 Warning(s).
Load "N:\\SE350\\SE350-master\\manual_code\\Context_Switching\\context_switching.AXF" 
Erase Done.
Programming Done.
Verify OK.
Build target 'Context Switching SIM'
compiling usr_proc.c...
src\usr_proc.c(105): warning:  #223-D: function "getMSP" declared implicitly
linking...
Program Size: Code=4224 RO-data=236 RW-data=36 ZI-data=1012  
"context_switching.axf" - 0 Error(s), 1 Warning(s).
Load "N:\\SE350\\SE350-master\\manual_code\\Context_Switching\\context_switching.AXF" 
Erase Done.
Programming Done.
Verify OK.
Build target 'Context Switching SIM'
compiling usr_proc.c...
src\usr_proc.c(110): warning:  #223-D: function "getMSP" declared implicitly
linking...
Program Size: Code=4244 RO-data=236 RW-data=36 ZI-data=1012  
"context_switching.axf" - 0 Error(s), 1 Warning(s).
Load "N:\\SE350\\SE350-master\\manual_code\\Context_Switching\\context_switching.AXF" 
Erase Done.
Programming Done.
Verify OK.
Build target 'Context Switching SIM'
compiling usr_proc.c...
src\usr_proc.c(110): warning:  #223-D: function "getMSP" declared implicitly
linking...
Program Size: Code=4244 RO-data=236 RW-data=36 ZI-data=1012  
"context_switching.axf" - 0 Error(s), 1 Warning(s).
Load "N:\\SE350\\SE350-master\\manual_code\\Context_Switching\\context_switching.AXF" 
Erase Done.
Programming Done.
Verify OK.
Build target 'Context Switching SIM'
compiling main_svc.c...
src\rtx.h(58): warning:  #47-D: incompatible redefinition of macro "rtx_init" (declared at line 46)
src\rtx.h(59): error:  #147-D: declaration is incompatible with "void get_total_num_blocks(void)" (declared at line 57)
src\main_svc.c(32): error:  #20: identifier "k_get_total_num_blocks" is undefined
compiling k_rtx_init.c...
compiling k_memory.c...
compiling k_process.c...
compiling usr_proc.c...
src\rtx.h(58): warning:  #47-D: incompatible redefinition of macro "rtx_init" (declared at line 46)
src\rtx.h(59): error:  #147-D: declaration is incompatible with "void get_total_num_blocks(void)" (declared at line 57)
src\usr_proc.c(118): warning:  #223-D: function "getMSP" declared implicitly
src\usr_proc.c(214): error:  #20: identifier "Linked" is undefined
src\usr_proc.c(218): error:  #40: expected an identifier
src\usr_proc.c(219): error:  #29: expected an expression
src\usr_proc.c(219): error:  #18: expected a ")"
src\usr_proc.c(219): error:  #65: expected a ";"
src\usr_proc.c(222): error:  #125: expected a "("
src\usr_proc.c(213): warning:  #177-D: variable "failed" was declared but never referenced
Target not created
Build target 'Context Switching SIM'
compiling main_svc.c...
src\rtx.h(59): error:  #55-D: too many arguments in invocation of macro "get_total_num_blocks"
src\rtx.h(59): error:  #79: expected a type specifier
src\rtx.h(59): error:  #1504: first argument for __svc_indirect function must have integral type
src\rtx.h(59): error:  #147-D: declaration is incompatible with "void get_total_num_blocks(void)" (declared at line 57)
compiling usr_proc.c...
src\rtx.h(59): error:  #55-D: too many arguments in invocation of macro "get_total_num_blocks"
src\rtx.h(59): error:  #79: expected a type specifier
src\rtx.h(59): error:  #1504: first argument for __svc_indirect function must have integral type
src\rtx.h(59): error:  #147-D: declaration is incompatible with "void get_total_num_blocks(void)" (declared at line 57)
src\usr_proc.c(118): warning:  #223-D: function "getMSP" declared implicitly
src\usr_proc.c(214): error:  #20: identifier "Linked" is undefined
src\usr_proc.c(218): error:  #40: expected an identifier
src\usr_proc.c(219): error:  #29: expected an expression
src\usr_proc.c(219): error:  #18: expected a ")"
src\usr_proc.c(219): error:  #65: expected a ";"
src\usr_proc.c(222): error:  #125: expected a "("
src\usr_proc.c(213): warning:  #177-D: variable "failed" was declared but never referenced
Target not created
Build target 'Context Switching SIM'
compiling main_svc.c...
compiling usr_proc.c...
src\usr_proc.c(118): warning:  #223-D: function "getMSP" declared implicitly
src\usr_proc.c(214): error:  #20: identifier "Linked" is undefined
src\usr_proc.c(218): error:  #40: expected an identifier
src\usr_proc.c(219): error:  #29: expected an expression
src\usr_proc.c(219): error:  #18: expected a ")"
src\usr_proc.c(219): error:  #65: expected a ";"
src\usr_proc.c(222): error:  #125: expected a "("
src\usr_proc.c(213): warning:  #177-D: variable "failed" was declared but never referenced
Target not created
Build target 'Context Switching SIM'
compiling usr_proc.c...
src\usr_proc.c(118): warning:  #223-D: function "getMSP" declared implicitly
src\usr_proc.c(215): error:  #20: identifier "requested" is undefined
src\usr_proc.c(217): error:  #40: expected an identifier
src\usr_proc.c(218): error:  #29: expected an expression
src\usr_proc.c(218): error:  #18: expected a ")"
src\usr_proc.c(218): error:  #65: expected a ";"
src\usr_proc.c(221): error:  #125: expected a "("
src\usr_proc.c(213): warning:  #177-D: variable "failed" was declared but never referenced
Target not created
Build target 'Context Switching SIM'
compiling usr_proc.c...
src\usr_proc.c(118): warning:  #223-D: function "getMSP" declared implicitly
src\usr_proc.c(213): warning:  #177-D: variable "failed" was declared but never referenced
linking...
Program Size: Code=4264 RO-data=236 RW-data=40 ZI-data=1008  
"context_switching.axf" - 0 Error(s), 2 Warning(s).
Build target 'Context Switching SIM'
compiling k_memory.c...
compiling usr_proc.c...
src\usr_proc.c(118): warning:  #223-D: function "getMSP" declared implicitly
src\usr_proc.c(214): error:  #20: identifier "k_get_total_num_blocks" is undefined
src\usr_proc.c(214): error:  #144: a value of type "void" cannot be used to initialize an entity of type "int"
src\usr_proc.c(213): warning:  #177-D: variable "failed" was declared but never referenced
Target not created
Build target 'Context Switching SIM'
compiling main_svc.c...
compiling usr_proc.c...
src\usr_proc.c(118): warning:  #223-D: function "getMSP" declared implicitly
src\usr_proc.c(214): error:  #20: identifier "k_get_total_num_blocks" is undefined
src\usr_proc.c(214): error:  #144: a value of type "void" cannot be used to initialize an entity of type "int"
src\usr_proc.c(213): warning:  #177-D: variable "failed" was declared but never referenced
Target not created
Build target 'Context Switching SIM'
compiling k_memory.c...
compiling usr_proc.c...
src\usr_proc.c(118): warning:  #223-D: function "getMSP" declared implicitly
src\usr_proc.c(214): error:  #20: identifier "k_get_total_num_blocks" is undefined
src\usr_proc.c(214): error:  #144: a value of type "void" cannot be used to initialize an entity of type "int"
src\usr_proc.c(213): warning:  #177-D: variable "failed" was declared but never referenced
Target not created
Rebuild target 'Context Switching SIM'
assembling startup_LPC17xx.s...
compiling system_LPC17xx.c...
compiling uart_polling.c...
compiling printf.c...
compiling main_svc.c...
compiling HAL.c...
compiling k_rtx_init.c...
compiling k_memory.c...
compiling k_process.c...
compiling usr_proc.c...
src\usr_proc.c(118): warning:  #223-D: function "getMSP" declared implicitly
src\usr_proc.c(214): error:  #20: identifier "k_get_total_num_blocks" is undefined
src\usr_proc.c(214): error:  #144: a value of type "void" cannot be used to initialize an entity of type "int"
src\usr_proc.c(213): warning:  #177-D: variable "failed" was declared but never referenced
Target not created
Rebuild target 'Context Switching SIM'
assembling startup_LPC17xx.s...
compiling system_LPC17xx.c...
compiling uart_polling.c...
compiling printf.c...
compiling main_svc.c...
compiling HAL.c...
compiling k_rtx_init.c...
compiling k_memory.c...
compiling k_process.c...
compiling usr_proc.c...
src\usr_proc.c(118): warning:  #223-D: function "getMSP" declared implicitly
src\usr_proc.c(214): error:  #20: identifier "k_get_total_num_blocks" is undefined
src\usr_proc.c(213): warning:  #177-D: variable "failed" was declared but never referenced
Target not created
Rebuild target 'Context Switching SIM'
assembling startup_LPC17xx.s...
compiling system_LPC17xx.c...
compiling uart_polling.c...
compiling printf.c...
compiling main_svc.c...
compiling HAL.c...
compiling k_rtx_init.c...
compiling k_memory.c...
compiling k_process.c...
compiling usr_proc.c...
src\usr_proc.c(118): warning:  #223-D: function "getMSP" declared implicitly
src\usr_proc.c(214): error:  #20: identifier "k_get_total_num_blocks" is undefined
src\usr_proc.c(213): warning:  #177-D: variable "failed" was declared but never referenced
Target not created
Build target 'Context Switching SIM'
compiling k_memory.c...
compiling usr_proc.c...
src\usr_proc.c(118): warning:  #223-D: function "getMSP" declared implicitly
src\usr_proc.c(213): warning:  #177-D: variable "failed" was declared but never referenced
linking...
Program Size: Code=4356 RO-data=236 RW-data=40 ZI-data=1008  
"context_switching.axf" - 0 Error(s), 2 Warning(s).
Load "N:\\SE350\\SE350-master\\manual_code\\Context_Switching\\context_switching.AXF" 
Erase Done.
Programming Done.
Verify OK.
Rebuild target 'Context Switching SIM'
assembling startup_LPC17xx.s...
compiling system_LPC17xx.c...
compiling uart_polling.c...
compiling printf.c...
compiling main_svc.c...
compiling HAL.c...
compiling k_rtx_init.c...
compiling k_memory.c...
compiling k_process.c...
compiling usr_proc.c...
src\usr_proc.c(118): warning:  #223-D: function "getMSP" declared implicitly
src\usr_proc.c(213): warning:  #177-D: variable "failed" was declared but never referenced
linking...
Program Size: Code=4380 RO-data=236 RW-data=40 ZI-data=1008  
"context_switching.axf" - 0 Error(s), 2 Warning(s).
Load "N:\\SE350\\SE350-master\\manual_code\\Context_Switching\\context_switching.AXF" 
Erase Done.
Programming Done.
Verify OK.
Build target 'Context Switching SIM'
compiling usr_proc.c...
src\usr_proc.c(118): warning:  #223-D: function "getMSP" declared implicitly
src\usr_proc.c(213): warning:  #177-D: variable "failed" was declared but never referenced
linking...
Program Size: Code=4388 RO-data=236 RW-data=40 ZI-data=1008  
"context_switching.axf" - 0 Error(s), 2 Warning(s).
Build target 'Context Switching SIM'
compiling k_memory.c...
linking...
Program Size: Code=4424 RO-data=236 RW-data=40 ZI-data=1008  
"context_switching.axf" - 0 Error(s), 0 Warning(s).
Build target 'Context Switching SIM'
compiling k_memory.c...
linking...
Program Size: Code=4476 RO-data=236 RW-data=40 ZI-data=1008  
"context_switching.axf" - 0 Error(s), 0 Warning(s).
Build target 'Context Switching SIM'
compiling printf.c...
src\printf.h(116): error:  #10: "#" not expected here
src\printf.h(116): error:  #169: expected a declaration
src\printf.c(34): warning:  #12-D: parsing restarts here after previous syntax error
src\printf.c(35): error:  #20: identifier "putcf" is undefined
src\printf.c(123): error:  #20: identifier "putcf" is undefined
src\printf.c(136): error:  #20: identifier "putcf" is undefined
compiling main_svc.c...
src\printf.h(116): error:  #10: "#" not expected here
src\printf.h(116): error:  #169: expected a declaration
src\main_svc.c(36): warning: At end of source:  #12-D: parsing restarts here after previous syntax error
compiling k_memory.c...
src\printf.h(116): error:  #10: "#" not expected here
src\printf.h(116): error:  #169: expected a declaration
src\k_memory.c(15): warning:  #12-D: parsing restarts here after previous syntax error
src\k_memory.c(93): warning:  #223-D: function "printf" declared implicitly
src\k_memory.c(107): warning:  #223-D: function "printf" declared implicitly
src\k_memory.c(125): warning:  #223-D: function "printf" declared implicitly
src\k_memory.c(183): error:  #20: identifier "gp_stack" is undefined
src\k_memory.c(215): error:  #20: identifier "gp_stack" is undefined
src\k_memory.c(236): warning:  #223-D: function "printf" declared implicitly
src\k_memory.c(275): warning:  #223-D: function "printf" declared implicitly
src\k_memory.c(280): warning:  #223-D: function "printf" declared implicitly
src\k_memory.c(292): warning:  #223-D: function "printf" declared implicitly
src\k_memory.c(306): warning:  #223-D: function "printf" declared implicitly
compiling k_process.c...
src\printf.h(116): error:  #10: "#" not expected here
src\printf.h(116): error:  #169: expected a declaration
src\k_process.c(25): warning:  #12-D: parsing restarts here after previous syntax error
compiling usr_proc.c...
src\printf.h(116): error:  #10: "#" not expected here
src\printf.h(116): error:  #169: expected a declaration
src\usr_proc.c(18): warning:  #12-D: parsing restarts here after previous syntax error
src\usr_proc.c(33): error:  #20: identifier "g_test_procs" is undefined
src\usr_proc.c(39): error:  #20: identifier "g_test_procs" is undefined
src\usr_proc.c(54): warning:  #223-D: function "printf" declared implicitly
src\usr_proc.c(67): warning:  #223-D: function "printf" declared implicitly
src\usr_proc.c(90): warning:  #223-D: function "printf" declared implicitly
src\usr_proc.c(118): warning:  #223-D: function "getMSP" declared implicitly
src\usr_proc.c(133): warning:  #223-D: function "printf" declared implicitly
src\usr_proc.c(135): warning:  #223-D: function "printf" declared implicitly
src\usr_proc.c(165): warning:  #223-D: function "printf" declared implicitly
src\usr_proc.c(167): warning:  #223-D: function "printf" declared implicitly
src\usr_proc.c(198): warning:  #223-D: function "printf" declared implicitly
src\usr_proc.c(200): warning:  #223-D: function "printf" declared implicitly
src\usr_proc.c(214): warning:  #223-D: function "printf" declared implicitly
src\usr_proc.c(213): warning:  #177-D: variable "failed" was declared but never referenced
src\usr_proc.c(245): warning:  #223-D: function "printf" declared implicitly
src\usr_proc.c(247): warning:  #223-D: function "printf" declared implicitly
src\usr_proc.c(250): warning:  #223-D: function "printf" declared implicitly
Target not created
Build target 'Context Switching SIM'
compiling printf.c...
compiling main_svc.c...
compiling k_memory.c...
compiling k_process.c...
compiling usr_proc.c...
src\usr_proc.c(118): warning:  #223-D: function "getMSP" declared implicitly
src\usr_proc.c(213): warning:  #177-D: variable "failed" was declared but never referenced
linking...
Program Size: Code=4500 RO-data=236 RW-data=40 ZI-data=1008  
"context_switching.axf" - 0 Error(s), 2 Warning(s).
Load "N:\\SE350\\SE350-master\\manual_code\\Context_Switching\\context_switching.AXF" 
Erase Done.
Programming Done.
Verify OK.
Build target 'Context Switching SIM'
compiling usr_proc.c...
src\usr_proc.c(118): warning:  #223-D: function "getMSP" declared implicitly
src\usr_proc.c(213): warning:  #177-D: variable "failed" was declared but never referenced
linking...
Program Size: Code=4520 RO-data=236 RW-data=40 ZI-data=1008  
"context_switching.axf" - 0 Error(s), 2 Warning(s).
Build target 'Context Switching SIM'
compiling usr_proc.c...
src\usr_proc.c(118): warning:  #223-D: function "getMSP" declared implicitly
src\usr_proc.c(213): warning:  #177-D: variable "failed" was declared but never referenced
linking...
Program Size: Code=4520 RO-data=236 RW-data=40 ZI-data=1008  
"context_switching.axf" - 0 Error(s), 2 Warning(s).
Load "N:\\SE350\\SE350-master\\manual_code\\Context_Switching\\context_switching.AXF" 
Erase Done.
Programming Done.
Verify OK.
Build target 'Context Switching SIM'
compiling usr_proc.c...
src\usr_proc.c(118): warning:  #223-D: function "getMSP" declared implicitly
src\usr_proc.c(213): warning:  #177-D: variable "failed" was declared but never referenced
linking...
Program Size: Code=4508 RO-data=236 RW-data=40 ZI-data=1008  
"context_switching.axf" - 0 Error(s), 2 Warning(s).
Build target 'Context Switching SIM'
compiling usr_proc.c...
src\usr_proc.c(118): warning:  #223-D: function "getMSP" declared implicitly
src\usr_proc.c(213): warning:  #177-D: variable "failed" was declared but never referenced
linking...
Program Size: Code=4512 RO-data=236 RW-data=40 ZI-data=1008  
"context_switching.axf" - 0 Error(s), 2 Warning(s).
Load "N:\\SE350\\SE350-master\\manual_code\\Context_Switching\\context_switching.AXF" 
Erase Done.
Programming Done.
Verify OK.
Build target 'Context Switching SIM'
compiling usr_proc.c...
src\usr_proc.c(118): warning:  #223-D: function "getMSP" declared implicitly
src\usr_proc.c(213): warning:  #177-D: variable "failed" was declared but never referenced
linking...
Program Size: Code=4524 RO-data=236 RW-data=40 ZI-data=1008  
"context_switching.axf" - 0 Error(s), 2 Warning(s).
Build target 'Context Switching SIM'
compiling usr_proc.c...
src\usr_proc.c(118): warning:  #223-D: function "getMSP" declared implicitly
src\usr_proc.c(213): warning:  #177-D: variable "failed" was declared but never referenced
linking...
Program Size: Code=4524 RO-data=236 RW-data=40 ZI-data=1008  
"context_switching.axf" - 0 Error(s), 2 Warning(s).
Load "N:\\SE350\\SE350-master\\manual_code\\Context_Switching\\context_switching.AXF" 
Erase Done.
Programming Done.
Verify OK.
Build target 'Context Switching SIM'
compiling k_memory.c...
compiling usr_proc.c...
src\usr_proc.c(118): warning:  #223-D: function "getMSP" declared implicitly
src\usr_proc.c(213): warning:  #177-D: variable "failed" was declared but never referenced
src\usr_proc.c(239): error:  #20: identifier "PCB" is undefined
src\usr_proc.c(239): error:  #29: expected an expression
src\usr_proc.c(239): error:  #18: expected a ")"
Target not created
Build target 'Context Switching SIM'
compiling usr_proc.c...
src\usr_proc.c(118): warning:  #223-D: function "getMSP" declared implicitly
src\usr_proc.c(214): warning:  #177-D: variable "failed" was declared but never referenced
linking...
Program Size: Code=4552 RO-data=236 RW-data=40 ZI-data=1008  
"context_switching.axf" - 0 Error(s), 2 Warning(s).
Load "N:\\SE350\\SE350-master\\manual_code\\Context_Switching\\context_switching.AXF" 
Erase Done.
Programming Done.
Verify OK.
Build target 'Context Switching SIM'
compiling usr_proc.c...
src\usr_proc.c(118): warning:  #223-D: function "getMSP" declared implicitly
src\usr_proc.c(213): warning:  #177-D: variable "failed" was declared but never referenced
linking...
Program Size: Code=4524 RO-data=236 RW-data=40 ZI-data=1008  
"context_switching.axf" - 0 Error(s), 2 Warning(s).
Load "N:\\SE350\\SE350-master\\manual_code\\Context_Switching\\context_switching.AXF" 
Erase Done.
Programming Done.
Verify OK.
Build target 'Context Switching SIM'
compiling usr_proc.c...
src\usr_proc.c(118): warning:  #223-D: function "getMSP" declared implicitly
src\usr_proc.c(213): warning:  #177-D: variable "failed" was declared but never referenced
src\usr_proc.c(234): error:  #7: unrecognized token
src\usr_proc.c(234): error:  #29: expected an expression
Target not created
Build target 'Context Switching SIM'
compiling usr_proc.c...
src\usr_proc.c(118): warning:  #223-D: function "getMSP" declared implicitly
src\usr_proc.c(213): warning:  #177-D: variable "failed" was declared but never referenced
src\usr_proc.c(234): error:  #7: unrecognized token
src\usr_proc.c(234): error:  #29: expected an expression
Target not created
Build target 'Context Switching SIM'
compiling usr_proc.c...
src\usr_proc.c(118): warning:  #223-D: function "getMSP" declared implicitly
src\usr_proc.c(213): warning:  #177-D: variable "failed" was declared but never referenced
src\usr_proc.c(234): error:  #7: unrecognized token
src\usr_proc.c(234): error:  #29: expected an expression
Target not created
Build target 'Context Switching SIM'
compiling usr_proc.c...
src\usr_proc.c(118): warning:  #223-D: function "getMSP" declared implicitly
src\usr_proc.c(213): warning:  #177-D: variable "failed" was declared but never referenced
src\usr_proc.c(234): error:  #7: unrecognized token
src\usr_proc.c(234): error:  #29: expected an expression
Target not created
Build target 'Context Switching SIM'
compiling usr_proc.c...
src\usr_proc.c(118): warning:  #223-D: function "getMSP" declared implicitly
src\usr_proc.c(213): warning:  #177-D: variable "failed" was declared but never referenced
src\usr_proc.c(234): error:  #7: unrecognized token
src\usr_proc.c(234): error:  #29: expected an expression
Target not created
Build target 'Context Switching SIM'
compiling usr_proc.c...
src\usr_proc.c(118): warning:  #223-D: function "getMSP" declared implicitly
src\usr_proc.c(213): warning:  #177-D: variable "failed" was declared but never referenced
src\usr_proc.c(234): warning:  #1441-D: nonstandard cast on lvalue
src\usr_proc.c(234): error:  #137: expression must be a modifiable lvalue
src\usr_proc.c(234): error:  #7: unrecognized token
src\usr_proc.c(234): error:  #29: expected an expression
Target not created
Build target 'Context Switching SIM'
compiling usr_proc.c...
src\usr_proc.c(118): warning:  #223-D: function "getMSP" declared implicitly
src\usr_proc.c(213): warning:  #177-D: variable "failed" was declared but never referenced
src\usr_proc.c(234): error:  #7: unrecognized token
src\usr_proc.c(234): error:  #29: expected an expression
Target not created
Build target 'Context Switching SIM'
compiling usr_proc.c...
src\usr_proc.c(118): warning:  #223-D: function "getMSP" declared implicitly
src\usr_proc.c(213): warning:  #177-D: variable "failed" was declared but never referenced
linking...
Program Size: Code=4520 RO-data=236 RW-data=40 ZI-data=1008  
"context_switching.axf" - 0 Error(s), 2 Warning(s).
Load "N:\\SE350\\SE350-master\\manual_code\\Context_Switching\\context_switching.AXF" 
Erase Done.
Programming Done.
Verify OK.
Build target 'Context Switching SIM'
compiling usr_proc.c...
src\usr_proc.c(118): warning:  #223-D: function "getMSP" declared implicitly
src\usr_proc.c(213): warning:  #177-D: variable "failed" was declared but never referenced
src\usr_proc.c(234): error:  #7: unrecognized token
src\usr_proc.c(234): error:  #29: expected an expression
Target not created
Load "N:\\SE350\\SE350-master\\manual_code\\Context_Switching\\context_switching.AXF" 
_____^
*** error 56: cannot open file
Build target 'Context Switching SIM'
compiling usr_proc.c...
src\usr_proc.c(118): warning:  #223-D: function "getMSP" declared implicitly
src\usr_proc.c(213): warning:  #177-D: variable "failed" was declared but never referenced
src\usr_proc.c(234): error:  #7: unrecognized token
src\usr_proc.c(234): error:  #29: expected an expression
Target not created
Load "N:\\SE350\\SE350-master\\manual_code\\Context_Switching\\context_switching.AXF" 
_____^
*** error 56: cannot open file
Build target 'Context Switching SIM'
compiling usr_proc.c...
src\usr_proc.c(118): warning:  #223-D: function "getMSP" declared implicitly
src\usr_proc.c(213): warning:  #177-D: variable "failed" was declared but never referenced
linking...
Program Size: Code=4536 RO-data=236 RW-data=40 ZI-data=1008  
"context_switching.axf" - 0 Error(s), 2 Warning(s).
Build target 'Context Switching SIM'
compiling usr_proc.c...
src\usr_proc.c(118): warning:  #223-D: function "getMSP" declared implicitly
src\usr_proc.c(213): warning:  #177-D: variable "failed" was declared but never referenced
linking...
Program Size: Code=4528 RO-data=236 RW-data=40 ZI-data=1008  
"context_switching.axf" - 0 Error(s), 2 Warning(s).
Load "N:\\SE350\\SE350-master\\manual_code\\Context_Switching\\context_switching.AXF" 
Erase Done.
Programming Done.
Verify OK.
Build target 'Context Switching SIM'
compiling k_memory.c...
compiling usr_proc.c...
src\usr_proc.c(118): warning:  #223-D: function "getMSP" declared implicitly
src\usr_proc.c(213): warning:  #177-D: variable "failed" was declared but never referenced
linking...
Program Size: Code=4384 RO-data=236 RW-data=40 ZI-data=1008  
"context_switching.axf" - 0 Error(s), 2 Warning(s).
Build target 'Context Switching SIM'
compiling main_svc.c...
compiling usr_proc.c...
src\usr_proc.c(118): warning:  #223-D: function "getMSP" declared implicitly
src\usr_proc.c(215): error:  #268: declaration may not appear after executable statement in block
src\usr_proc.c(213): warning:  #177-D: variable "failed" was declared but never referenced
Target not created
Build target 'Context Switching SIM'
compiling usr_proc.c...
src\usr_proc.c(118): warning:  #223-D: function "getMSP" declared implicitly
src\usr_proc.c(213): warning:  #177-D: variable "failed" was declared but never referenced
linking...
Program Size: Code=4372 RO-data=236 RW-data=40 ZI-data=1008  
"context_switching.axf" - 0 Error(s), 2 Warning(s).
Build target 'Context Switching SIM'
compiling usr_proc.c...
src\usr_proc.c(118): warning:  #223-D: function "getMSP" declared implicitly
src\usr_proc.c(216): error:  #28: expression must have a constant value
src\usr_proc.c(213): warning:  #177-D: variable "failed" was declared but never referenced
src\usr_proc.c(214): warning:  #177-D: variable "i" was declared but never referenced
Target not created
Build target 'Context Switching SIM'
compiling usr_proc.c...
src\usr_proc.c(118): warning:  #223-D: function "getMSP" declared implicitly
src\usr_proc.c(216): error:  #28: expression must have a constant value
src\usr_proc.c(213): warning:  #177-D: variable "failed" was declared but never referenced
src\usr_proc.c(214): warning:  #177-D: variable "i" was declared but never referenced
Target not created
Build target 'Context Switching SIM'
compiling main_svc.c...
src\rtx.h(57): warning:  #815-D: type qualifier on return type is meaningless
src\rtx.h(59): warning:  #815-D: type qualifier on return type is meaningless
compiling k_rtx_init.c...
src\k_memory.h(35): warning:  #815-D: type qualifier on return type is meaningless
compiling k_memory.c...
src\k_memory.h(35): warning:  #815-D: type qualifier on return type is meaningless
src\k_memory.c(304): warning:  #815-D: type qualifier on return type is meaningless
compiling k_process.c...
src\k_memory.h(35): warning:  #815-D: type qualifier on return type is meaningless
compiling usr_proc.c...
src\rtx.h(57): warning:  #815-D: type qualifier on return type is meaningless
src\rtx.h(59): warning:  #815-D: type qualifier on return type is meaningless
src\usr_proc.c(118): warning:  #223-D: function "getMSP" declared implicitly
src\usr_proc.c(216): error:  #28: expression must have a constant value
src\usr_proc.c(213): warning:  #177-D: variable "failed" was declared but never referenced
src\usr_proc.c(214): warning:  #177-D: variable "i" was declared but never referenced
Target not created
Build target 'Context Switching SIM'
compiling usr_proc.c...
src\rtx.h(57): warning:  #815-D: type qualifier on return type is meaningless
src\rtx.h(59): warning:  #815-D: type qualifier on return type is meaningless
src\usr_proc.c(118): warning:  #223-D: function "getMSP" declared implicitly
src\usr_proc.c(216): error:  #259: constant value is not known
src\usr_proc.c(213): warning:  #177-D: variable "failed" was declared but never referenced
src\usr_proc.c(214): warning:  #177-D: variable "i" was declared but never referenced
Target not created
Build target 'Context Switching SIM'
compiling usr_proc.c...
src\rtx.h(57): warning:  #815-D: type qualifier on return type is meaningless
src\rtx.h(59): warning:  #815-D: type qualifier on return type is meaningless
src\usr_proc.c(118): warning:  #223-D: function "getMSP" declared implicitly
src\usr_proc.c(216): error:  #28: expression must have a constant value
src\usr_proc.c(213): warning:  #177-D: variable "failed" was declared but never referenced
src\usr_proc.c(214): warning:  #177-D: variable "i" was declared but never referenced
Target not created
Build target 'Context Switching SIM'
compiling main_svc.c...
compiling k_rtx_init.c...
compiling k_memory.c...
src\k_memory.c(242): warning:  #223-D: function "k_release_processor" declared implicitly
compiling k_process.c...
compiling usr_proc.c...
src\usr_proc.c(125): warning:  #223-D: function "getMSP" declared implicitly
src\usr_proc.c(237): error:  #20: identifier "blocked_qs" is undefined
Target not created
Build target 'Context Switching SIM'
compiling k_rtx_init.c...
compiling usr_proc.c...
src\usr_proc.c(125): warning:  #223-D: function "getMSP" declared implicitly
src\usr_proc.c(237): error:  #20: identifier "blocked_qs" is undefined
Target not created
